Archive member included because of file (symbol)

d:/imt school tools/sdk/imt_sdk_win_64/winavr/bin/../lib/gcc/avr/4.3.3/avr5\libgcc.a(_mulsi3.o)
                              ./main.o (__mulsi3)
d:/imt school tools/sdk/imt_sdk_win_64/winavr/bin/../lib/gcc/avr/4.3.3/avr5\libgcc.a(_udivmodhi4.o)
                              ./COTS/2-HAL/6-MOTORS/MOTORS_program.o (__udivmodhi4)
d:/imt school tools/sdk/imt_sdk_win_64/winavr/bin/../lib/gcc/avr/4.3.3/avr5\libgcc.a(_udivmodsi4.o)
                              ./COTS/2-HAL/4-CLCD/CLCD_progam.o (__udivmodsi4)
d:/imt school tools/sdk/imt_sdk_win_64/winavr/bin/../lib/gcc/avr/4.3.3/avr5\libgcc.a(_divmodsi4.o)
                              ./COTS/2-HAL/4-CLCD/CLCD_progam.o (__divmodsi4)
d:/imt school tools/sdk/imt_sdk_win_64/winavr/bin/../lib/gcc/avr/4.3.3/avr5\libgcc.a(_exit.o)
                              d:/imt school tools/sdk/imt_sdk_win_64/winavr/bin/../lib/gcc/avr/4.3.3/../../../../avr/lib/avr5/crtm32.o (exit)
d:/imt school tools/sdk/imt_sdk_win_64/winavr/bin/../lib/gcc/avr/4.3.3/avr5\libgcc.a(_copy_data.o)
                              ./COTS/FreeRTOS_SourceFiles/tasks.o (__do_copy_data)
d:/imt school tools/sdk/imt_sdk_win_64/winavr/bin/../lib/gcc/avr/4.3.3/avr5\libgcc.a(_clear_bss.o)
                              ./COTS/FreeRTOS_SourceFiles/croutine.o (__do_clear_bss)
d:/imt school tools/sdk/imt_sdk_win_64/winavr/bin/../lib/gcc/avr/4.3.3/avr5\libgcc.a(_fixunssfsi.o)
                              ./COTS/2-HAL/6-MOTORS/MOTORS_program.o (__fixunssfsi)
d:/imt school tools/sdk/imt_sdk_win_64/winavr/bin/../lib/gcc/avr/4.3.3/avr5\libgcc.a(_addsub_sf.o)
                              d:/imt school tools/sdk/imt_sdk_win_64/winavr/bin/../lib/gcc/avr/4.3.3/avr5\libgcc.a(_fixunssfsi.o) (__subsf3)
d:/imt school tools/sdk/imt_sdk_win_64/winavr/bin/../lib/gcc/avr/4.3.3/avr5\libgcc.a(_mul_sf.o)
                              ./COTS/2-HAL/6-MOTORS/MOTORS_program.o (__mulsf3)
d:/imt school tools/sdk/imt_sdk_win_64/winavr/bin/../lib/gcc/avr/4.3.3/avr5\libgcc.a(_gt_sf.o)
                              ./COTS/2-HAL/6-MOTORS/MOTORS_program.o (__gtsf2)
d:/imt school tools/sdk/imt_sdk_win_64/winavr/bin/../lib/gcc/avr/4.3.3/avr5\libgcc.a(_ge_sf.o)
                              d:/imt school tools/sdk/imt_sdk_win_64/winavr/bin/../lib/gcc/avr/4.3.3/avr5\libgcc.a(_fixunssfsi.o) (__gesf2)
d:/imt school tools/sdk/imt_sdk_win_64/winavr/bin/../lib/gcc/avr/4.3.3/avr5\libgcc.a(_lt_sf.o)
                              ./COTS/2-HAL/6-MOTORS/MOTORS_program.o (__ltsf2)
d:/imt school tools/sdk/imt_sdk_win_64/winavr/bin/../lib/gcc/avr/4.3.3/avr5\libgcc.a(_sf_to_si.o)
                              d:/imt school tools/sdk/imt_sdk_win_64/winavr/bin/../lib/gcc/avr/4.3.3/avr5\libgcc.a(_fixunssfsi.o) (__fixsfsi)
d:/imt school tools/sdk/imt_sdk_win_64/winavr/bin/../lib/gcc/avr/4.3.3/avr5\libgcc.a(_thenan_sf.o)
                              d:/imt school tools/sdk/imt_sdk_win_64/winavr/bin/../lib/gcc/avr/4.3.3/avr5\libgcc.a(_addsub_sf.o) (__thenan_sf)
d:/imt school tools/sdk/imt_sdk_win_64/winavr/bin/../lib/gcc/avr/4.3.3/avr5\libgcc.a(_prologue.o)
                              d:/imt school tools/sdk/imt_sdk_win_64/winavr/bin/../lib/gcc/avr/4.3.3/avr5\libgcc.a(_addsub_sf.o) (__prologue_saves__)
d:/imt school tools/sdk/imt_sdk_win_64/winavr/bin/../lib/gcc/avr/4.3.3/avr5\libgcc.a(_epilogue.o)
                              d:/imt school tools/sdk/imt_sdk_win_64/winavr/bin/../lib/gcc/avr/4.3.3/avr5\libgcc.a(_addsub_sf.o) (__epilogue_restores__)
d:/imt school tools/sdk/imt_sdk_win_64/winavr/bin/../lib/gcc/avr/4.3.3/avr5\libgcc.a(_pack_sf.o)
                              d:/imt school tools/sdk/imt_sdk_win_64/winavr/bin/../lib/gcc/avr/4.3.3/avr5\libgcc.a(_addsub_sf.o) (__pack_f)
d:/imt school tools/sdk/imt_sdk_win_64/winavr/bin/../lib/gcc/avr/4.3.3/avr5\libgcc.a(_unpack_sf.o)
                              d:/imt school tools/sdk/imt_sdk_win_64/winavr/bin/../lib/gcc/avr/4.3.3/avr5\libgcc.a(_addsub_sf.o) (__unpack_f)
d:/imt school tools/sdk/imt_sdk_win_64/winavr/bin/../lib/gcc/avr/4.3.3/avr5\libgcc.a(_fpcmp_parts_sf.o)
                              d:/imt school tools/sdk/imt_sdk_win_64/winavr/bin/../lib/gcc/avr/4.3.3/avr5\libgcc.a(_gt_sf.o) (__fpcmp_parts_f)
d:/imt school tools/sdk/imt_sdk_win_64/winavr/bin/../lib/gcc/avr/4.3.3/../../../../avr/lib/avr5\libc.a(memcpy.o)
                              ./COTS/FreeRTOS_SourceFiles/queue.o (memcpy)
d:/imt school tools/sdk/imt_sdk_win_64/winavr/bin/../lib/gcc/avr/4.3.3/../../../../avr/lib/avr5\libc.a(memset.o)
                              ./COTS/FreeRTOS_SourceFiles/tasks.o (memset)
d:/imt school tools/sdk/imt_sdk_win_64/winavr/bin/../lib/gcc/avr/4.3.3/../../../../avr/lib/avr5\libc.a(strncpy.o)
                              ./COTS/FreeRTOS_SourceFiles/tasks.o (strncpy)

Allocating common symbols
Common symbol       size              file

LCDSem              0x2               ./main.o
Temp                0x2               ./main.o
TempSem             0x2               ./main.o
DoorSem             0x2               ./main.o

Memory Configuration

Name             Origin             Length             Attributes
text             0x00000000         0x00020000         xr
data             0x00800060         0x0000ffa0         rw !x
eeprom           0x00810000         0x00010000         rw !x
fuse             0x00820000         0x00000400         rw !x
lock             0x00830000         0x00000400         rw !x
signature        0x00840000         0x00000400         rw !x
*default*        0x00000000         0xffffffff

Linker script and memory map

LOAD d:/imt school tools/sdk/imt_sdk_win_64/winavr/bin/../lib/gcc/avr/4.3.3/../../../../avr/lib/avr5/crtm32.o
LOAD ./COTS/FreeRTOS_SourceFiles/croutine.o
LOAD ./COTS/FreeRTOS_SourceFiles/heap_1.o
LOAD ./COTS/FreeRTOS_SourceFiles/list.o
LOAD ./COTS/FreeRTOS_SourceFiles/port.o
LOAD ./COTS/FreeRTOS_SourceFiles/queue.o
LOAD ./COTS/FreeRTOS_SourceFiles/tasks.o
LOAD ./COTS/FreeRTOS_SourceFiles/timers.o
LOAD ./COTS/2-HAL/6-MOTORS/MOTORS_program.o
LOAD ./COTS/2-HAL/5-KEYPAD/KEYPAD_program.o
LOAD ./COTS/2-HAL/4-CLCD/CLCD_progam.o
LOAD ./COTS/1-MCAL/6- TIMER/TIMER_program.o
LOAD ./COTS/1-MCAL/5-ADC/ADC_program.o
LOAD ./COTS/1-MCAL/4-GIE/GIE_program.o
LOAD ./COTS/1-MCAL/2-PORT/PORT_program.o
LOAD ./COTS/1-MCAL/1-DIO/DIO_program.o
LOAD ./main.o
LOAD d:/imt school tools/sdk/imt_sdk_win_64/winavr/bin/../lib/gcc/avr/4.3.3/avr5\libgcc.a
LOAD d:/imt school tools/sdk/imt_sdk_win_64/winavr/bin/../lib/gcc/avr/4.3.3/../../../../avr/lib/avr5\libc.a
LOAD d:/imt school tools/sdk/imt_sdk_win_64/winavr/bin/../lib/gcc/avr/4.3.3/avr5\libgcc.a

.hash
 *(.hash)

.dynsym
 *(.dynsym)

.dynstr
 *(.dynstr)

.gnu.version
 *(.gnu.version)

.gnu.version_d
 *(.gnu.version_d)

.gnu.version_r
 *(.gnu.version_r)

.rel.init
 *(.rel.init)

.rela.init
 *(.rela.init)

.rel.text
 *(.rel.text)
 *(.rel.text.*)
 *(.rel.gnu.linkonce.t*)

.rela.text
 *(.rela.text)
 *(.rela.text.*)
 *(.rela.gnu.linkonce.t*)

.rel.fini
 *(.rel.fini)

.rela.fini
 *(.rela.fini)

.rel.rodata
 *(.rel.rodata)
 *(.rel.rodata.*)
 *(.rel.gnu.linkonce.r*)

.rela.rodata
 *(.rela.rodata)
 *(.rela.rodata.*)
 *(.rela.gnu.linkonce.r*)

.rel.data
 *(.rel.data)
 *(.rel.data.*)
 *(.rel.gnu.linkonce.d*)

.rela.data
 *(.rela.data)
 *(.rela.data.*)
 *(.rela.gnu.linkonce.d*)

.rel.ctors
 *(.rel.ctors)

.rela.ctors
 *(.rela.ctors)

.rel.dtors
 *(.rel.dtors)

.rela.dtors
 *(.rela.dtors)

.rel.got
 *(.rel.got)

.rela.got
 *(.rela.got)

.rel.bss
 *(.rel.bss)

.rela.bss
 *(.rela.bss)

.rel.plt
 *(.rel.plt)

.rela.plt
 *(.rela.plt)

.text           0x00000000     0x6c8c
 *(.vectors)
 .vectors       0x00000000       0x54 d:/imt school tools/sdk/imt_sdk_win_64/winavr/bin/../lib/gcc/avr/4.3.3/../../../../avr/lib/avr5/crtm32.o
                0x00000000                __vectors
                0x00000000                __vector_default
 *(.vectors)
 *(.progmem.gcc*)
 *(.progmem*)
                0x00000054                . = ALIGN (0x2)
                0x00000054                __trampolines_start = .
 *(.trampolines)
 .trampolines   0x00000054        0x0 linker stubs
 *(.trampolines*)
                0x00000054                __trampolines_end = .
 *(.jumptables)
 *(.jumptables*)
 *(.lowtext)
 *(.lowtext*)
                0x00000054                __ctors_start = .
 *(.ctors)
                0x00000054                __ctors_end = .
                0x00000054                __dtors_start = .
 *(.dtors)
                0x00000054                __dtors_end = .
 SORT(*)(.ctors)
 SORT(*)(.dtors)
 *(.init0)
 .init0         0x00000054        0x0 d:/imt school tools/sdk/imt_sdk_win_64/winavr/bin/../lib/gcc/avr/4.3.3/../../../../avr/lib/avr5/crtm32.o
                0x00000054                __init
 *(.init0)
 *(.init1)
 *(.init1)
 *(.init2)
 .init2         0x00000054        0xc d:/imt school tools/sdk/imt_sdk_win_64/winavr/bin/../lib/gcc/avr/4.3.3/../../../../avr/lib/avr5/crtm32.o
 *(.init2)
 *(.init3)
 *(.init3)
 *(.init4)
 .init4         0x00000060       0x16 d:/imt school tools/sdk/imt_sdk_win_64/winavr/bin/../lib/gcc/avr/4.3.3/avr5\libgcc.a(_copy_data.o)
                0x00000060                __do_copy_data
 .init4         0x00000076       0x10 d:/imt school tools/sdk/imt_sdk_win_64/winavr/bin/../lib/gcc/avr/4.3.3/avr5\libgcc.a(_clear_bss.o)
                0x00000076                __do_clear_bss
 *(.init4)
 *(.init5)
 *(.init5)
 *(.init6)
 *(.init6)
 *(.init7)
 *(.init7)
 *(.init8)
 *(.init8)
 *(.init9)
 .init9         0x00000086        0x8 d:/imt school tools/sdk/imt_sdk_win_64/winavr/bin/../lib/gcc/avr/4.3.3/../../../../avr/lib/avr5/crtm32.o
 *(.init9)
 *(.text)
 .text          0x0000008e        0x4 d:/imt school tools/sdk/imt_sdk_win_64/winavr/bin/../lib/gcc/avr/4.3.3/../../../../avr/lib/avr5/crtm32.o
                0x0000008e                __vector_1
                0x0000008e                __vector_12
                0x0000008e                __bad_interrupt
                0x0000008e                __vector_6
                0x0000008e                __vector_3
                0x0000008e                __vector_11
                0x0000008e                __vector_13
                0x0000008e                __vector_17
                0x0000008e                __vector_19
                0x0000008e                __vector_5
                0x0000008e                __vector_4
                0x0000008e                __vector_9
                0x0000008e                __vector_2
                0x0000008e                __vector_15
                0x0000008e                __vector_8
                0x0000008e                __vector_14
                0x0000008e                __vector_10
                0x0000008e                __vector_18
                0x0000008e                __vector_20
 .text          0x00000092        0x0 ./COTS/FreeRTOS_SourceFiles/croutine.o
 .text          0x00000092        0x0 ./COTS/FreeRTOS_SourceFiles/heap_1.o
 .text          0x00000092        0x0 ./COTS/FreeRTOS_SourceFiles/list.o
 .text          0x00000092        0x0 ./COTS/FreeRTOS_SourceFiles/port.o
 .text          0x00000092        0x0 ./COTS/FreeRTOS_SourceFiles/queue.o
 .text          0x00000092        0x0 ./COTS/FreeRTOS_SourceFiles/tasks.o
 .text          0x00000092        0x0 ./COTS/FreeRTOS_SourceFiles/timers.o
 .text          0x00000092        0x0 ./COTS/2-HAL/6-MOTORS/MOTORS_program.o
 .text          0x00000092        0x0 ./COTS/2-HAL/5-KEYPAD/KEYPAD_program.o
 .text          0x00000092        0x0 ./COTS/2-HAL/4-CLCD/CLCD_progam.o
 .text          0x00000092        0x0 ./COTS/1-MCAL/6- TIMER/TIMER_program.o
 .text          0x00000092        0x0 ./COTS/1-MCAL/5-ADC/ADC_program.o
 .text          0x00000092        0x0 ./COTS/1-MCAL/4-GIE/GIE_program.o
 .text          0x00000092        0x0 ./COTS/1-MCAL/2-PORT/PORT_program.o
 .text          0x00000092        0x0 ./COTS/1-MCAL/1-DIO/DIO_program.o
 .text          0x00000092        0x0 ./main.o
 .text          0x00000092        0x0 d:/imt school tools/sdk/imt_sdk_win_64/winavr/bin/../lib/gcc/avr/4.3.3/avr5\libgcc.a(_mulsi3.o)
 .text          0x00000092        0x0 d:/imt school tools/sdk/imt_sdk_win_64/winavr/bin/../lib/gcc/avr/4.3.3/avr5\libgcc.a(_udivmodhi4.o)
 .text          0x00000092        0x0 d:/imt school tools/sdk/imt_sdk_win_64/winavr/bin/../lib/gcc/avr/4.3.3/avr5\libgcc.a(_udivmodsi4.o)
 .text          0x00000092        0x0 d:/imt school tools/sdk/imt_sdk_win_64/winavr/bin/../lib/gcc/avr/4.3.3/avr5\libgcc.a(_divmodsi4.o)
 .text          0x00000092        0x0 d:/imt school tools/sdk/imt_sdk_win_64/winavr/bin/../lib/gcc/avr/4.3.3/avr5\libgcc.a(_exit.o)
 .text          0x00000092        0x0 d:/imt school tools/sdk/imt_sdk_win_64/winavr/bin/../lib/gcc/avr/4.3.3/avr5\libgcc.a(_copy_data.o)
 .text          0x00000092        0x0 d:/imt school tools/sdk/imt_sdk_win_64/winavr/bin/../lib/gcc/avr/4.3.3/avr5\libgcc.a(_clear_bss.o)
 .text          0x00000092       0x58 d:/imt school tools/sdk/imt_sdk_win_64/winavr/bin/../lib/gcc/avr/4.3.3/avr5\libgcc.a(_fixunssfsi.o)
                0x00000092                __fixunssfsi
 .text          0x000000ea      0x354 d:/imt school tools/sdk/imt_sdk_win_64/winavr/bin/../lib/gcc/avr/4.3.3/avr5\libgcc.a(_addsub_sf.o)
                0x00000382                __subsf3
                0x000003e4                __addsf3
 .text          0x0000043e      0x1f4 d:/imt school tools/sdk/imt_sdk_win_64/winavr/bin/../lib/gcc/avr/4.3.3/avr5\libgcc.a(_mul_sf.o)
                0x0000043e                __mulsf3
 .text          0x00000632       0x60 d:/imt school tools/sdk/imt_sdk_win_64/winavr/bin/../lib/gcc/avr/4.3.3/avr5\libgcc.a(_gt_sf.o)
                0x00000632                __gtsf2
 .text          0x00000692       0x60 d:/imt school tools/sdk/imt_sdk_win_64/winavr/bin/../lib/gcc/avr/4.3.3/avr5\libgcc.a(_ge_sf.o)
                0x00000692                __gesf2
 .text          0x000006f2       0x60 d:/imt school tools/sdk/imt_sdk_win_64/winavr/bin/../lib/gcc/avr/4.3.3/avr5\libgcc.a(_lt_sf.o)
                0x000006f2                __ltsf2
 .text          0x00000752       0xa8 d:/imt school tools/sdk/imt_sdk_win_64/winavr/bin/../lib/gcc/avr/4.3.3/avr5\libgcc.a(_sf_to_si.o)
                0x00000752                __fixsfsi
 .text          0x000007fa        0x0 d:/imt school tools/sdk/imt_sdk_win_64/winavr/bin/../lib/gcc/avr/4.3.3/avr5\libgcc.a(_thenan_sf.o)
 .text          0x000007fa        0x0 d:/imt school tools/sdk/imt_sdk_win_64/winavr/bin/../lib/gcc/avr/4.3.3/avr5\libgcc.a(_prologue.o)
 .text          0x000007fa        0x0 d:/imt school tools/sdk/imt_sdk_win_64/winavr/bin/../lib/gcc/avr/4.3.3/avr5\libgcc.a(_epilogue.o)
 .text          0x000007fa      0x1aa d:/imt school tools/sdk/imt_sdk_win_64/winavr/bin/../lib/gcc/avr/4.3.3/avr5\libgcc.a(_pack_sf.o)
                0x000007fa                __pack_f
 .text          0x000009a4       0xf0 d:/imt school tools/sdk/imt_sdk_win_64/winavr/bin/../lib/gcc/avr/4.3.3/avr5\libgcc.a(_unpack_sf.o)
                0x000009a4                __unpack_f
 .text          0x00000a94       0xb2 d:/imt school tools/sdk/imt_sdk_win_64/winavr/bin/../lib/gcc/avr/4.3.3/avr5\libgcc.a(_fpcmp_parts_sf.o)
                0x00000a94                __fpcmp_parts_f
 .text          0x00000b46        0x0 d:/imt school tools/sdk/imt_sdk_win_64/winavr/bin/../lib/gcc/avr/4.3.3/../../../../avr/lib/avr5\libc.a(memcpy.o)
 .text          0x00000b46        0x0 d:/imt school tools/sdk/imt_sdk_win_64/winavr/bin/../lib/gcc/avr/4.3.3/../../../../avr/lib/avr5\libc.a(memset.o)
 .text          0x00000b46        0x0 d:/imt school tools/sdk/imt_sdk_win_64/winavr/bin/../lib/gcc/avr/4.3.3/../../../../avr/lib/avr5\libc.a(strncpy.o)
                0x00000b46                . = ALIGN (0x2)
 *(.text.*)
 .text.xCoRoutineCreate
                0x00000b46      0x128 ./COTS/FreeRTOS_SourceFiles/croutine.o
                0x00000b46                xCoRoutineCreate
 .text.vCoRoutineAddToDelayedList
                0x00000c6e       0xc2 ./COTS/FreeRTOS_SourceFiles/croutine.o
                0x00000c6e                vCoRoutineAddToDelayedList
 .text.prvCheckPendingReadyList
                0x00000d30       0x94 ./COTS/FreeRTOS_SourceFiles/croutine.o
 .text.prvCheckDelayedList
                0x00000dc4      0x15c ./COTS/FreeRTOS_SourceFiles/croutine.o
 .text.vCoRoutineSchedule
                0x00000f20       0xf4 ./COTS/FreeRTOS_SourceFiles/croutine.o
                0x00000f20                vCoRoutineSchedule
 .text.prvInitialiseCoRoutineLists
                0x00001014       0x72 ./COTS/FreeRTOS_SourceFiles/croutine.o
 .text.xCoRoutineRemoveFromEventList
                0x00001086       0x70 ./COTS/FreeRTOS_SourceFiles/croutine.o
                0x00001086                xCoRoutineRemoveFromEventList
 .text.pvPortMalloc
                0x000010f6       0x8c ./COTS/FreeRTOS_SourceFiles/heap_1.o
                0x000010f6                pvPortMalloc
 .text.vPortFree
                0x00001182       0x18 ./COTS/FreeRTOS_SourceFiles/heap_1.o
                0x00001182                vPortFree
 .text.vPortInitialiseBlocks
                0x0000119a       0x16 ./COTS/FreeRTOS_SourceFiles/heap_1.o
                0x0000119a                vPortInitialiseBlocks
 .text.xPortGetFreeHeapSize
                0x000011b0       0x1e ./COTS/FreeRTOS_SourceFiles/heap_1.o
                0x000011b0                xPortGetFreeHeapSize
 .text.vListInitialise
                0x000011ce       0x54 ./COTS/FreeRTOS_SourceFiles/list.o
                0x000011ce                vListInitialise
 .text.vListInitialiseItem
                0x00001222       0x20 ./COTS/FreeRTOS_SourceFiles/list.o
                0x00001222                vListInitialiseItem
 .text.vListInsertEnd
                0x00001242       0x98 ./COTS/FreeRTOS_SourceFiles/list.o
                0x00001242                vListInsertEnd
 .text.vListInsert
                0x000012da       0xd8 ./COTS/FreeRTOS_SourceFiles/list.o
                0x000012da                vListInsert
 .text.vListRemove
                0x000013b2       0x92 ./COTS/FreeRTOS_SourceFiles/list.o
                0x000013b2                vListRemove
 .text.pxPortInitialiseStack
                0x00001444      0x306 ./COTS/FreeRTOS_SourceFiles/port.o
                0x00001444                pxPortInitialiseStack
 .text.xPortStartScheduler
                0x0000174a       0x6a ./COTS/FreeRTOS_SourceFiles/port.o
                0x0000174a                xPortStartScheduler
 .text.vPortEndScheduler
                0x000017b4        0xe ./COTS/FreeRTOS_SourceFiles/port.o
                0x000017b4                vPortEndScheduler
 .text.vPortYield
                0x000017c2       0xb2 ./COTS/FreeRTOS_SourceFiles/port.o
                0x000017c2                vPortYield
 .text.vPortYieldFromTick
                0x00001874       0xb6 ./COTS/FreeRTOS_SourceFiles/port.o
                0x00001874                vPortYieldFromTick
 .text.prvSetupTimerInterrupt
                0x0000192a       0xb8 ./COTS/FreeRTOS_SourceFiles/port.o
 .text.__vector_7
                0x000019e2        0x6 ./COTS/FreeRTOS_SourceFiles/port.o
                0x000019e2                __vector_7
 .text.xQueueCreate
                0x000019e8      0x152 ./COTS/FreeRTOS_SourceFiles/queue.o
                0x000019e8                xQueueCreate
 .text.xQueueCreateCountingSemaphore
                0x00001b3a       0x3e ./COTS/FreeRTOS_SourceFiles/queue.o
                0x00001b3a                xQueueCreateCountingSemaphore
 .text.xQueueGenericSend
                0x00001b78      0x13c ./COTS/FreeRTOS_SourceFiles/queue.o
                0x00001b78                xQueueGenericSend
 .text.xQueueGenericSendFromISR
                0x00001cb4       0x9a ./COTS/FreeRTOS_SourceFiles/queue.o
                0x00001cb4                xQueueGenericSendFromISR
 .text.xQueueGenericReceive
                0x00001d4e      0x180 ./COTS/FreeRTOS_SourceFiles/queue.o
                0x00001d4e                xQueueGenericReceive
 .text.xQueueReceiveFromISR
                0x00001ece       0x9e ./COTS/FreeRTOS_SourceFiles/queue.o
                0x00001ece                xQueueReceiveFromISR
 .text.uxQueueMessagesWaiting
                0x00001f6c       0x30 ./COTS/FreeRTOS_SourceFiles/queue.o
                0x00001f6c                uxQueueMessagesWaiting
 .text.uxQueueMessagesWaitingFromISR
                0x00001f9c       0x26 ./COTS/FreeRTOS_SourceFiles/queue.o
                0x00001f9c                uxQueueMessagesWaitingFromISR
 .text.vQueueDelete
                0x00001fc2       0x2c ./COTS/FreeRTOS_SourceFiles/queue.o
                0x00001fc2                vQueueDelete
 .text.prvCopyDataToQueue
                0x00001fee      0x12a ./COTS/FreeRTOS_SourceFiles/queue.o
 .text.prvCopyDataFromQueue
                0x00002118       0x90 ./COTS/FreeRTOS_SourceFiles/queue.o
 .text.prvUnlockQueue
                0x000021a8       0xa8 ./COTS/FreeRTOS_SourceFiles/queue.o
 .text.prvIsQueueEmpty
                0x00002250       0x38 ./COTS/FreeRTOS_SourceFiles/queue.o
 .text.xQueueIsQueueEmptyFromISR
                0x00002288       0x2e ./COTS/FreeRTOS_SourceFiles/queue.o
                0x00002288                xQueueIsQueueEmptyFromISR
 .text.prvIsQueueFull
                0x000022b6       0x3e ./COTS/FreeRTOS_SourceFiles/queue.o
 .text.xQueueIsQueueFullFromISR
                0x000022f4       0x34 ./COTS/FreeRTOS_SourceFiles/queue.o
                0x000022f4                xQueueIsQueueFullFromISR
 .text.xTaskGenericCreate
                0x00002328      0x1da ./COTS/FreeRTOS_SourceFiles/tasks.o
                0x00002328                xTaskGenericCreate
 .text.vTaskDelete
                0x00002502       0xc6 ./COTS/FreeRTOS_SourceFiles/tasks.o
                0x00002502                vTaskDelete
 .text.vTaskDelayUntil
                0x000025c8       0xe8 ./COTS/FreeRTOS_SourceFiles/tasks.o
                0x000025c8                vTaskDelayUntil
 .text.vTaskDelay
                0x000026b0       0x6a ./COTS/FreeRTOS_SourceFiles/tasks.o
                0x000026b0                vTaskDelay
 .text.vTaskStartScheduler
                0x0000271a       0x6e ./COTS/FreeRTOS_SourceFiles/tasks.o
                0x0000271a                vTaskStartScheduler
 .text.vTaskEndScheduler
                0x00002788       0x18 ./COTS/FreeRTOS_SourceFiles/tasks.o
                0x00002788                vTaskEndScheduler
 .text.vTaskSuspendAll
                0x000027a0       0x18 ./COTS/FreeRTOS_SourceFiles/tasks.o
                0x000027a0                vTaskSuspendAll
 .text.xTaskResumeAll
                0x000027b8      0x114 ./COTS/FreeRTOS_SourceFiles/tasks.o
                0x000027b8                xTaskResumeAll
 .text.xTaskGetTickCount
                0x000028cc       0x2e ./COTS/FreeRTOS_SourceFiles/tasks.o
                0x000028cc                xTaskGetTickCount
 .text.xTaskGetTickCountFromISR
                0x000028fa       0x2a ./COTS/FreeRTOS_SourceFiles/tasks.o
                0x000028fa                xTaskGetTickCountFromISR
 .text.uxTaskGetNumberOfTasks
                0x00002924       0x12 ./COTS/FreeRTOS_SourceFiles/tasks.o
                0x00002924                uxTaskGetNumberOfTasks
 .text.vTaskIncrementTick
                0x00002936      0x1aa ./COTS/FreeRTOS_SourceFiles/tasks.o
                0x00002936                vTaskIncrementTick
 .text.vTaskSwitchContext
                0x00002ae0       0xcc ./COTS/FreeRTOS_SourceFiles/tasks.o
                0x00002ae0                vTaskSwitchContext
 .text.vTaskPlaceOnEventList
                0x00002bac       0x6c ./COTS/FreeRTOS_SourceFiles/tasks.o
                0x00002bac                vTaskPlaceOnEventList
 .text.xTaskRemoveFromEventList
                0x00002c18       0xd0 ./COTS/FreeRTOS_SourceFiles/tasks.o
                0x00002c18                xTaskRemoveFromEventList
 .text.vTaskSetTimeOutState
                0x00002ce8       0x32 ./COTS/FreeRTOS_SourceFiles/tasks.o
                0x00002ce8                vTaskSetTimeOutState
 .text.xTaskCheckForTimeOut
                0x00002d1a       0xba ./COTS/FreeRTOS_SourceFiles/tasks.o
                0x00002d1a                xTaskCheckForTimeOut
 .text.vTaskMissedYield
                0x00002dd4       0x14 ./COTS/FreeRTOS_SourceFiles/tasks.o
                0x00002dd4                vTaskMissedYield
 .text.prvIdleTask
                0x00002de8       0x14 ./COTS/FreeRTOS_SourceFiles/tasks.o
 .text.prvInitialiseTCBVariables
                0x00002dfc       0xae ./COTS/FreeRTOS_SourceFiles/tasks.o
 .text.prvInitialiseTaskLists
                0x00002eaa       0x7a ./COTS/FreeRTOS_SourceFiles/tasks.o
 .text.prvCheckTasksWaitingTermination
                0x00002f24       0x7c ./COTS/FreeRTOS_SourceFiles/tasks.o
 .text.prvAddCurrentTaskToDelayedList
                0x00002fa0       0x92 ./COTS/FreeRTOS_SourceFiles/tasks.o
 .text.prvAllocateTCBAndStack
                0x00003032       0xa0 ./COTS/FreeRTOS_SourceFiles/tasks.o
 .text.prvDeleteTCB
                0x000030d2       0x2c ./COTS/FreeRTOS_SourceFiles/tasks.o
 .text.DC_u8Rotate
                0x000030fe       0xb0 ./COTS/2-HAL/6-MOTORS/MOTORS_program.o
                0x000030fe                DC_u8Rotate
 .text.DC_u8Stop
                0x000031ae       0x56 ./COTS/2-HAL/6-MOTORS/MOTORS_program.o
                0x000031ae                DC_u8Stop
 .text.STEPPER_u8Rotate
                0x00003204     0x1f42 ./COTS/2-HAL/6-MOTORS/MOTORS_program.o
                0x00003204                STEPPER_u8Rotate
 .text.STEPPER_u8Stop
                0x00005146       0x7e ./COTS/2-HAL/6-MOTORS/MOTORS_program.o
                0x00005146                STEPPER_u8Stop
 .text.KPD_u8GetPressedKey
                0x000051c4       0xf0 ./COTS/2-HAL/5-KEYPAD/KEYPAD_program.o
                0x000051c4                KPD_u8GetPressedKey
 .text.CLCD_void_Init
                0x000052b4      0x11c ./COTS/2-HAL/4-CLCD/CLCD_progam.o
                0x000052b4                CLCD_void_Init
 .text.CLCD_voidSendCommand
                0x000053d0      0x13c ./COTS/2-HAL/4-CLCD/CLCD_progam.o
                0x000053d0                CLCD_voidSendCommand
 .text.CLCD_voidSendData
                0x0000550c      0x13c ./COTS/2-HAL/4-CLCD/CLCD_progam.o
                0x0000550c                CLCD_voidSendData
 .text.CLCD_voidSendString
                0x00005648       0x6c ./COTS/2-HAL/4-CLCD/CLCD_progam.o
                0x00005648                CLCD_voidSendString
 .text.CLCD_voidGoToXY
                0x000056b4       0x3c ./COTS/2-HAL/4-CLCD/CLCD_progam.o
                0x000056b4                CLCD_voidGoToXY
 .text.CLCD_voidCLR
                0x000056f0       0x14 ./COTS/2-HAL/4-CLCD/CLCD_progam.o
                0x000056f0                CLCD_voidCLR
 .text.CLCD_void_WriteSpecialCharacter
                0x00005704       0x82 ./COTS/2-HAL/4-CLCD/CLCD_progam.o
                0x00005704                CLCD_void_WriteSpecialCharacter
 .text.CLCD_void_SendNumber
                0x00005786      0x158 ./COTS/2-HAL/4-CLCD/CLCD_progam.o
                0x00005786                CLCD_void_SendNumber
 .text.TIMER0_voidInit
                0x000058de       0x62 ./COTS/1-MCAL/6- TIMER/TIMER_program.o
                0x000058de                TIMER0_voidInit
 .text.TIMER0_voidSetCompMatchValue
                0x00005940       0x1c ./COTS/1-MCAL/6- TIMER/TIMER_program.o
                0x00005940                TIMER0_voidSetCompMatchValue
 .text.TIMER2_voidInit
                0x0000595c       0x62 ./COTS/1-MCAL/6- TIMER/TIMER_program.o
                0x0000595c                TIMER2_voidInit
 .text.TIMER2_voidSetCompMatchValue
                0x000059be       0x1c ./COTS/1-MCAL/6- TIMER/TIMER_program.o
                0x000059be                TIMER2_voidSetCompMatchValue
 .text.ADC_voidInit
                0x000059da       0x70 ./COTS/1-MCAL/5-ADC/ADC_program.o
                0x000059da                ADC_voidInit
 .text.ADC_u16StartConversionSynch
                0x00005a4a      0x106 ./COTS/1-MCAL/5-ADC/ADC_program.o
                0x00005a4a                ADC_u16StartConversionSynch
 .text.ADC_u8StartConversionAsynch
                0x00005b50       0xae ./COTS/1-MCAL/5-ADC/ADC_program.o
                0x00005b50                ADC_u8StartConversionAsynch
 .text.ADC_u8startChainConversionAsynch
                0x00005bfe       0xd8 ./COTS/1-MCAL/5-ADC/ADC_program.o
                0x00005bfe                ADC_u8startChainConversionAsynch
 .text.__vector_16
                0x00005cd6      0x136 ./COTS/1-MCAL/5-ADC/ADC_program.o
                0x00005cd6                __vector_16
 .text.ADC_S16ReadingMap
                0x00005e0c       0xb6 ./COTS/1-MCAL/5-ADC/ADC_program.o
                0x00005e0c                ADC_S16ReadingMap
 .text.GIE_voidEnable
                0x00005ec2       0x1c ./COTS/1-MCAL/4-GIE/GIE_program.o
                0x00005ec2                GIE_voidEnable
 .text.GIE_voidDisable
                0x00005ede       0x1c ./COTS/1-MCAL/4-GIE/GIE_program.o
                0x00005ede                GIE_voidDisable
 .text.PORT_voidInit
                0x00005efa       0x4a ./COTS/1-MCAL/2-PORT/PORT_program.o
                0x00005efa                PORT_voidInit
 .text.DIO_u8SetPinValue
                0x00005f44      0x224 ./COTS/1-MCAL/1-DIO/DIO_program.o
                0x00005f44                DIO_u8SetPinValue
 .text.DIO_u8SetPortValue
                0x00006168       0x90 ./COTS/1-MCAL/1-DIO/DIO_program.o
                0x00006168                DIO_u8SetPortValue
 .text.DIO_u8TogglePinValue
                0x000061f8      0x116 ./COTS/1-MCAL/1-DIO/DIO_program.o
                0x000061f8                DIO_u8TogglePinValue
 .text.DIO_u8GetPinValue
                0x0000630e      0x130 ./COTS/1-MCAL/1-DIO/DIO_program.o
                0x0000630e                DIO_u8GetPinValue
 .text.DIO_U8GetPortValue
                0x0000643e       0xb4 ./COTS/1-MCAL/1-DIO/DIO_program.o
                0x0000643e                DIO_U8GetPortValue
 .text.main     0x000064f2       0xf0 ./main.o
                0x000064f2                main
 .text.KeypadTask
                0x000065e2      0x10e ./main.o
                0x000065e2                KeypadTask
 .text.TempTask
                0x000066f0       0x64 ./main.o
                0x000066f0                TempTask
 .text.BuzzerTask
                0x00006754       0x6e ./main.o
                0x00006754                BuzzerTask
 .text.DoorTask
                0x000067c2      0x110 ./main.o
                0x000067c2                DoorTask
 .text.FanTask  0x000068d2      0x112 ./main.o
                0x000068d2                FanTask
 .text.TempNotificaton
                0x000069e4       0x24 ./main.o
                0x000069e4                TempNotificaton
 .text.ConvertPass
                0x00006a08       0xf4 ./main.o
                0x00006a08                ConvertPass
 .text.libgcc   0x00006afc       0x3e d:/imt school tools/sdk/imt_sdk_win_64/winavr/bin/../lib/gcc/avr/4.3.3/avr5\libgcc.a(_mulsi3.o)
                0x00006afc                __mulsi3
 .text.libgcc   0x00006b3a       0x28 d:/imt school tools/sdk/imt_sdk_win_64/winavr/bin/../lib/gcc/avr/4.3.3/avr5\libgcc.a(_udivmodhi4.o)
                0x00006b3a                __udivmodhi4
 .text.libgcc   0x00006b62       0x44 d:/imt school tools/sdk/imt_sdk_win_64/winavr/bin/../lib/gcc/avr/4.3.3/avr5\libgcc.a(_udivmodsi4.o)
                0x00006b62                __udivmodsi4
 .text.libgcc   0x00006ba6       0x36 d:/imt school tools/sdk/imt_sdk_win_64/winavr/bin/../lib/gcc/avr/4.3.3/avr5\libgcc.a(_divmodsi4.o)
                0x00006ba6                __divmodsi4
 .text.libgcc   0x00006bdc        0x0 d:/imt school tools/sdk/imt_sdk_win_64/winavr/bin/../lib/gcc/avr/4.3.3/avr5\libgcc.a(_exit.o)
 .text.libgcc   0x00006bdc        0x0 d:/imt school tools/sdk/imt_sdk_win_64/winavr/bin/../lib/gcc/avr/4.3.3/avr5\libgcc.a(_copy_data.o)
 .text.libgcc   0x00006bdc        0x0 d:/imt school tools/sdk/imt_sdk_win_64/winavr/bin/../lib/gcc/avr/4.3.3/avr5\libgcc.a(_clear_bss.o)
 .text.libgcc   0x00006bdc       0x38 d:/imt school tools/sdk/imt_sdk_win_64/winavr/bin/../lib/gcc/avr/4.3.3/avr5\libgcc.a(_prologue.o)
                0x00006bdc                __prologue_saves__
 .text.libgcc   0x00006c14       0x36 d:/imt school tools/sdk/imt_sdk_win_64/winavr/bin/../lib/gcc/avr/4.3.3/avr5\libgcc.a(_epilogue.o)
                0x00006c14                __epilogue_restores__
 .text.avr-libc
                0x00006c4a       0x12 d:/imt school tools/sdk/imt_sdk_win_64/winavr/bin/../lib/gcc/avr/4.3.3/../../../../avr/lib/avr5\libc.a(memcpy.o)
                0x00006c4a                memcpy
 .text.avr-libc
                0x00006c5c        0xe d:/imt school tools/sdk/imt_sdk_win_64/winavr/bin/../lib/gcc/avr/4.3.3/../../../../avr/lib/avr5\libc.a(memset.o)
                0x00006c5c                memset
 .text.avr-libc
                0x00006c6a       0x1e d:/imt school tools/sdk/imt_sdk_win_64/winavr/bin/../lib/gcc/avr/4.3.3/../../../../avr/lib/avr5\libc.a(strncpy.o)
                0x00006c6a                strncpy
                0x00006c88                . = ALIGN (0x2)
 *(.fini9)
 .fini9         0x00006c88        0x0 d:/imt school tools/sdk/imt_sdk_win_64/winavr/bin/../lib/gcc/avr/4.3.3/avr5\libgcc.a(_exit.o)
                0x00006c88                exit
                0x00006c88                _exit
 *(.fini9)
 *(.fini8)
 *(.fini8)
 *(.fini7)
 *(.fini7)
 *(.fini6)
 *(.fini6)
 *(.fini5)
 *(.fini5)
 *(.fini4)
 *(.fini4)
 *(.fini3)
 *(.fini3)
 *(.fini2)
 *(.fini2)
 *(.fini1)
 *(.fini1)
 *(.fini0)
 .fini0         0x00006c88        0x4 d:/imt school tools/sdk/imt_sdk_win_64/winavr/bin/../lib/gcc/avr/4.3.3/avr5\libgcc.a(_exit.o)
 *(.fini0)
                0x00006c8c                _etext = .

.data           0x00800060       0x7c load address 0x00006c8c
                0x00800060                PROVIDE (__data_start, .)
 *(.data)
 .data          0x00800060        0x0 d:/imt school tools/sdk/imt_sdk_win_64/winavr/bin/../lib/gcc/avr/4.3.3/../../../../avr/lib/avr5/crtm32.o
 .data          0x00800060        0x0 ./COTS/FreeRTOS_SourceFiles/croutine.o
 .data          0x00800060        0x0 ./COTS/FreeRTOS_SourceFiles/heap_1.o
 .data          0x00800060        0x0 ./COTS/FreeRTOS_SourceFiles/list.o
 .data          0x00800060        0x0 ./COTS/FreeRTOS_SourceFiles/port.o
 .data          0x00800060        0x0 ./COTS/FreeRTOS_SourceFiles/queue.o
 .data          0x00800060        0x5 ./COTS/FreeRTOS_SourceFiles/tasks.o
 .data          0x00800065        0x0 ./COTS/FreeRTOS_SourceFiles/timers.o
 .data          0x00800065        0x0 ./COTS/2-HAL/6-MOTORS/MOTORS_program.o
 .data          0x00800065        0x0 ./COTS/2-HAL/5-KEYPAD/KEYPAD_program.o
 .data          0x00800065        0x0 ./COTS/2-HAL/4-CLCD/CLCD_progam.o
 .data          0x00800065        0x0 ./COTS/1-MCAL/6- TIMER/TIMER_program.o
 .data          0x00800065        0x0 ./COTS/1-MCAL/5-ADC/ADC_program.o
 .data          0x00800065        0x0 ./COTS/1-MCAL/4-GIE/GIE_program.o
 .data          0x00800065        0x0 ./COTS/1-MCAL/2-PORT/PORT_program.o
 .data          0x00800065        0x0 ./COTS/1-MCAL/1-DIO/DIO_program.o
 .data          0x00800065       0x53 ./main.o
 .data          0x008000b8        0x0 d:/imt school tools/sdk/imt_sdk_win_64/winavr/bin/../lib/gcc/avr/4.3.3/avr5\libgcc.a(_mulsi3.o)
 .data          0x008000b8        0x0 d:/imt school tools/sdk/imt_sdk_win_64/winavr/bin/../lib/gcc/avr/4.3.3/avr5\libgcc.a(_udivmodhi4.o)
 .data          0x008000b8        0x0 d:/imt school tools/sdk/imt_sdk_win_64/winavr/bin/../lib/gcc/avr/4.3.3/avr5\libgcc.a(_udivmodsi4.o)
 .data          0x008000b8        0x0 d:/imt school tools/sdk/imt_sdk_win_64/winavr/bin/../lib/gcc/avr/4.3.3/avr5\libgcc.a(_divmodsi4.o)
 .data          0x008000b8        0x0 d:/imt school tools/sdk/imt_sdk_win_64/winavr/bin/../lib/gcc/avr/4.3.3/avr5\libgcc.a(_exit.o)
 .data          0x008000b8        0x0 d:/imt school tools/sdk/imt_sdk_win_64/winavr/bin/../lib/gcc/avr/4.3.3/avr5\libgcc.a(_copy_data.o)
 .data          0x008000b8        0x0 d:/imt school tools/sdk/imt_sdk_win_64/winavr/bin/../lib/gcc/avr/4.3.3/avr5\libgcc.a(_clear_bss.o)
 .data          0x008000b8        0x0 d:/imt school tools/sdk/imt_sdk_win_64/winavr/bin/../lib/gcc/avr/4.3.3/avr5\libgcc.a(_fixunssfsi.o)
 .data          0x008000b8        0x0 d:/imt school tools/sdk/imt_sdk_win_64/winavr/bin/../lib/gcc/avr/4.3.3/avr5\libgcc.a(_addsub_sf.o)
 .data          0x008000b8        0x0 d:/imt school tools/sdk/imt_sdk_win_64/winavr/bin/../lib/gcc/avr/4.3.3/avr5\libgcc.a(_mul_sf.o)
 .data          0x008000b8        0x0 d:/imt school tools/sdk/imt_sdk_win_64/winavr/bin/../lib/gcc/avr/4.3.3/avr5\libgcc.a(_gt_sf.o)
 .data          0x008000b8        0x0 d:/imt school tools/sdk/imt_sdk_win_64/winavr/bin/../lib/gcc/avr/4.3.3/avr5\libgcc.a(_ge_sf.o)
 .data          0x008000b8        0x0 d:/imt school tools/sdk/imt_sdk_win_64/winavr/bin/../lib/gcc/avr/4.3.3/avr5\libgcc.a(_lt_sf.o)
 .data          0x008000b8        0x0 d:/imt school tools/sdk/imt_sdk_win_64/winavr/bin/../lib/gcc/avr/4.3.3/avr5\libgcc.a(_sf_to_si.o)
 .data          0x008000b8        0x8 d:/imt school tools/sdk/imt_sdk_win_64/winavr/bin/../lib/gcc/avr/4.3.3/avr5\libgcc.a(_thenan_sf.o)
                0x008000b8                __thenan_sf
 .data          0x008000c0        0x0 d:/imt school tools/sdk/imt_sdk_win_64/winavr/bin/../lib/gcc/avr/4.3.3/avr5\libgcc.a(_prologue.o)
 .data          0x008000c0        0x0 d:/imt school tools/sdk/imt_sdk_win_64/winavr/bin/../lib/gcc/avr/4.3.3/avr5\libgcc.a(_epilogue.o)
 .data          0x008000c0        0x0 d:/imt school tools/sdk/imt_sdk_win_64/winavr/bin/../lib/gcc/avr/4.3.3/avr5\libgcc.a(_pack_sf.o)
 .data          0x008000c0        0x0 d:/imt school tools/sdk/imt_sdk_win_64/winavr/bin/../lib/gcc/avr/4.3.3/avr5\libgcc.a(_unpack_sf.o)
 .data          0x008000c0        0x0 d:/imt school tools/sdk/imt_sdk_win_64/winavr/bin/../lib/gcc/avr/4.3.3/avr5\libgcc.a(_fpcmp_parts_sf.o)
 .data          0x008000c0        0x0 d:/imt school tools/sdk/imt_sdk_win_64/winavr/bin/../lib/gcc/avr/4.3.3/../../../../avr/lib/avr5\libc.a(memcpy.o)
 .data          0x008000c0        0x0 d:/imt school tools/sdk/imt_sdk_win_64/winavr/bin/../lib/gcc/avr/4.3.3/../../../../avr/lib/avr5\libc.a(memset.o)
 .data          0x008000c0        0x0 d:/imt school tools/sdk/imt_sdk_win_64/winavr/bin/../lib/gcc/avr/4.3.3/../../../../avr/lib/avr5\libc.a(strncpy.o)
 *(.data*)
 .data.xNextTaskUnblockTime
                0x008000c0        0x2 ./COTS/FreeRTOS_SourceFiles/tasks.o
 .data.Local_u8KPDROWArr.1214
                0x008000c2        0x4 ./COTS/2-HAL/5-KEYPAD/KEYPAD_program.o
 .data.Local_u8KPDColumnArr.1213
                0x008000c6        0x3 ./COTS/2-HAL/5-KEYPAD/KEYPAD_program.o
 .data.Local_u8KPDArr.1212
                0x008000c9        0xc ./COTS/2-HAL/5-KEYPAD/KEYPAD_program.o
 .data.CorrectPass
                0x008000d5        0x2 ./main.o
                0x008000d5                CorrectPass
 .data.Close.1664
                0x008000d7        0x1 ./main.o
 *(.rodata)
 *(.rodata*)
 .rodata.C.24.1666
                0x008000d8        0x3 ./main.o
 *(.gnu.linkonce.d*)
                0x008000dc                . = ALIGN (0x2)
 *fill*         0x008000db        0x1 00
                0x008000dc                _edata = .
                0x008000dc                PROVIDE (__data_end, .)

.bss            0x008000dc      0x69a
                0x008000dc                PROVIDE (__bss_start, .)
 *(.bss)
 .bss           0x008000dc        0x0 d:/imt school tools/sdk/imt_sdk_win_64/winavr/bin/../lib/gcc/avr/4.3.3/../../../../avr/lib/avr5/crtm32.o
 .bss           0x008000dc        0x0 ./COTS/FreeRTOS_SourceFiles/croutine.o
 .bss           0x008000dc        0x0 ./COTS/FreeRTOS_SourceFiles/heap_1.o
 .bss           0x008000dc        0x0 ./COTS/FreeRTOS_SourceFiles/list.o
 .bss           0x008000dc        0x0 ./COTS/FreeRTOS_SourceFiles/port.o
 .bss           0x008000dc        0x0 ./COTS/FreeRTOS_SourceFiles/queue.o
 .bss           0x008000dc        0x0 ./COTS/FreeRTOS_SourceFiles/tasks.o
 .bss           0x008000dc        0x0 ./COTS/FreeRTOS_SourceFiles/timers.o
 .bss           0x008000dc        0x0 ./COTS/2-HAL/6-MOTORS/MOTORS_program.o
 .bss           0x008000dc        0x0 ./COTS/2-HAL/5-KEYPAD/KEYPAD_program.o
 .bss           0x008000dc        0x0 ./COTS/2-HAL/4-CLCD/CLCD_progam.o
 .bss           0x008000dc        0x0 ./COTS/1-MCAL/6- TIMER/TIMER_program.o
 .bss           0x008000dc        0x0 ./COTS/1-MCAL/5-ADC/ADC_program.o
 .bss           0x008000dc        0x0 ./COTS/1-MCAL/4-GIE/GIE_program.o
 .bss           0x008000dc        0x0 ./COTS/1-MCAL/2-PORT/PORT_program.o
 .bss           0x008000dc        0x0 ./COTS/1-MCAL/1-DIO/DIO_program.o
 .bss           0x008000dc        0x0 ./main.o
 .bss           0x008000dc        0x0 d:/imt school tools/sdk/imt_sdk_win_64/winavr/bin/../lib/gcc/avr/4.3.3/avr5\libgcc.a(_mulsi3.o)
 .bss           0x008000dc        0x0 d:/imt school tools/sdk/imt_sdk_win_64/winavr/bin/../lib/gcc/avr/4.3.3/avr5\libgcc.a(_udivmodhi4.o)
 .bss           0x008000dc        0x0 d:/imt school tools/sdk/imt_sdk_win_64/winavr/bin/../lib/gcc/avr/4.3.3/avr5\libgcc.a(_udivmodsi4.o)
 .bss           0x008000dc        0x0 d:/imt school tools/sdk/imt_sdk_win_64/winavr/bin/../lib/gcc/avr/4.3.3/avr5\libgcc.a(_divmodsi4.o)
 .bss           0x008000dc        0x0 d:/imt school tools/sdk/imt_sdk_win_64/winavr/bin/../lib/gcc/avr/4.3.3/avr5\libgcc.a(_exit.o)
 .bss           0x008000dc        0x0 d:/imt school tools/sdk/imt_sdk_win_64/winavr/bin/../lib/gcc/avr/4.3.3/avr5\libgcc.a(_copy_data.o)
 .bss           0x008000dc        0x0 d:/imt school tools/sdk/imt_sdk_win_64/winavr/bin/../lib/gcc/avr/4.3.3/avr5\libgcc.a(_clear_bss.o)
 .bss           0x008000dc        0x0 d:/imt school tools/sdk/imt_sdk_win_64/winavr/bin/../lib/gcc/avr/4.3.3/avr5\libgcc.a(_fixunssfsi.o)
 .bss           0x008000dc        0x0 d:/imt school tools/sdk/imt_sdk_win_64/winavr/bin/../lib/gcc/avr/4.3.3/avr5\libgcc.a(_addsub_sf.o)
 .bss           0x008000dc        0x0 d:/imt school tools/sdk/imt_sdk_win_64/winavr/bin/../lib/gcc/avr/4.3.3/avr5\libgcc.a(_mul_sf.o)
 .bss           0x008000dc        0x0 d:/imt school tools/sdk/imt_sdk_win_64/winavr/bin/../lib/gcc/avr/4.3.3/avr5\libgcc.a(_gt_sf.o)
 .bss           0x008000dc        0x0 d:/imt school tools/sdk/imt_sdk_win_64/winavr/bin/../lib/gcc/avr/4.3.3/avr5\libgcc.a(_ge_sf.o)
 .bss           0x008000dc        0x0 d:/imt school tools/sdk/imt_sdk_win_64/winavr/bin/../lib/gcc/avr/4.3.3/avr5\libgcc.a(_lt_sf.o)
 .bss           0x008000dc        0x0 d:/imt school tools/sdk/imt_sdk_win_64/winavr/bin/../lib/gcc/avr/4.3.3/avr5\libgcc.a(_sf_to_si.o)
 .bss           0x008000dc        0x0 d:/imt school tools/sdk/imt_sdk_win_64/winavr/bin/../lib/gcc/avr/4.3.3/avr5\libgcc.a(_thenan_sf.o)
 .bss           0x008000dc        0x0 d:/imt school tools/sdk/imt_sdk_win_64/winavr/bin/../lib/gcc/avr/4.3.3/avr5\libgcc.a(_prologue.o)
 .bss           0x008000dc        0x0 d:/imt school tools/sdk/imt_sdk_win_64/winavr/bin/../lib/gcc/avr/4.3.3/avr5\libgcc.a(_epilogue.o)
 .bss           0x008000dc        0x0 d:/imt school tools/sdk/imt_sdk_win_64/winavr/bin/../lib/gcc/avr/4.3.3/avr5\libgcc.a(_pack_sf.o)
 .bss           0x008000dc        0x0 d:/imt school tools/sdk/imt_sdk_win_64/winavr/bin/../lib/gcc/avr/4.3.3/avr5\libgcc.a(_unpack_sf.o)
 .bss           0x008000dc        0x0 d:/imt school tools/sdk/imt_sdk_win_64/winavr/bin/../lib/gcc/avr/4.3.3/avr5\libgcc.a(_fpcmp_parts_sf.o)
 .bss           0x008000dc        0x0 d:/imt school tools/sdk/imt_sdk_win_64/winavr/bin/../lib/gcc/avr/4.3.3/../../../../avr/lib/avr5\libc.a(memcpy.o)
 .bss           0x008000dc        0x0 d:/imt school tools/sdk/imt_sdk_win_64/winavr/bin/../lib/gcc/avr/4.3.3/../../../../avr/lib/avr5\libc.a(memset.o)
 .bss           0x008000dc        0x0 d:/imt school tools/sdk/imt_sdk_win_64/winavr/bin/../lib/gcc/avr/4.3.3/../../../../avr/lib/avr5\libc.a(strncpy.o)
 *(.bss*)
 .bss.pxCurrentCoRoutine
                0x008000dc        0x2 ./COTS/FreeRTOS_SourceFiles/croutine.o
                0x008000dc                pxCurrentCoRoutine
 .bss.uxTopCoRoutineReadyPriority
                0x008000de        0x1 ./COTS/FreeRTOS_SourceFiles/croutine.o
 .bss.xCoRoutineTickCount
                0x008000df        0x2 ./COTS/FreeRTOS_SourceFiles/croutine.o
 .bss.xLastTickCount
                0x008000e1        0x2 ./COTS/FreeRTOS_SourceFiles/croutine.o
 .bss.xPassedTicks
                0x008000e3        0x2 ./COTS/FreeRTOS_SourceFiles/croutine.o
 .bss.pxReadyCoRoutineLists
                0x008000e5       0x12 ./COTS/FreeRTOS_SourceFiles/croutine.o
 .bss.xDelayedCoRoutineList1
                0x008000f7        0x9 ./COTS/FreeRTOS_SourceFiles/croutine.o
 .bss.xDelayedCoRoutineList2
                0x00800100        0x9 ./COTS/FreeRTOS_SourceFiles/croutine.o
 .bss.pxDelayedCoRoutineList
                0x00800109        0x2 ./COTS/FreeRTOS_SourceFiles/croutine.o
 .bss.pxOverflowDelayedCoRoutineList
                0x0080010b        0x2 ./COTS/FreeRTOS_SourceFiles/croutine.o
 .bss.xPendingReadyCoRoutineList
                0x0080010d        0x9 ./COTS/FreeRTOS_SourceFiles/croutine.o
 .bss.xNextFreeByte
                0x00800116        0x2 ./COTS/FreeRTOS_SourceFiles/heap_1.o
 .bss.xHeap     0x00800118      0x5dc ./COTS/FreeRTOS_SourceFiles/heap_1.o
 .bss.pxCurrentTCB
                0x008006f4        0x2 ./COTS/FreeRTOS_SourceFiles/tasks.o
                0x008006f4                pxCurrentTCB
 .bss.uxTasksDeleted
                0x008006f6        0x1 ./COTS/FreeRTOS_SourceFiles/tasks.o
 .bss.uxCurrentNumberOfTasks
                0x008006f7        0x1 ./COTS/FreeRTOS_SourceFiles/tasks.o
 .bss.xTickCount
                0x008006f8        0x2 ./COTS/FreeRTOS_SourceFiles/tasks.o
 .bss.uxTopUsedPriority
                0x008006fa        0x1 ./COTS/FreeRTOS_SourceFiles/tasks.o
 .bss.uxTopReadyPriority
                0x008006fb        0x1 ./COTS/FreeRTOS_SourceFiles/tasks.o
 .bss.xSchedulerRunning
                0x008006fc        0x1 ./COTS/FreeRTOS_SourceFiles/tasks.o
 .bss.uxSchedulerSuspended
                0x008006fd        0x1 ./COTS/FreeRTOS_SourceFiles/tasks.o
 .bss.uxMissedTicks
                0x008006fe        0x1 ./COTS/FreeRTOS_SourceFiles/tasks.o
 .bss.xMissedYield
                0x008006ff        0x1 ./COTS/FreeRTOS_SourceFiles/tasks.o
 .bss.xNumOfOverflows
                0x00800700        0x1 ./COTS/FreeRTOS_SourceFiles/tasks.o
 .bss.uxTaskNumber
                0x00800701        0x1 ./COTS/FreeRTOS_SourceFiles/tasks.o
 .bss.pxReadyTasksLists
                0x00800702       0x2d ./COTS/FreeRTOS_SourceFiles/tasks.o
 .bss.xDelayedTaskList1
                0x0080072f        0x9 ./COTS/FreeRTOS_SourceFiles/tasks.o
 .bss.xDelayedTaskList2
                0x00800738        0x9 ./COTS/FreeRTOS_SourceFiles/tasks.o
 .bss.pxDelayedTaskList
                0x00800741        0x2 ./COTS/FreeRTOS_SourceFiles/tasks.o
 .bss.pxOverflowDelayedTaskList
                0x00800743        0x2 ./COTS/FreeRTOS_SourceFiles/tasks.o
 .bss.xPendingReadyList
                0x00800745        0x9 ./COTS/FreeRTOS_SourceFiles/tasks.o
 .bss.xTasksWaitingTermination
                0x0080074e        0x9 ./COTS/FreeRTOS_SourceFiles/tasks.o
 .bss.ADC_pu16Reading
                0x00800757        0x2 ./COTS/1-MCAL/5-ADC/ADC_program.o
 .bss.ADC_pvCallBackNotificationFunc
                0x00800759        0x2 ./COTS/1-MCAL/5-ADC/ADC_program.o
 .bss.ADC_u8BusyState
                0x0080075b        0x1 ./COTS/1-MCAL/5-ADC/ADC_program.o
 .bss.ADC_pu8chainChannelArr
                0x0080075c        0x2 ./COTS/1-MCAL/5-ADC/ADC_program.o
 .bss.ADC_u8ChainSize
                0x0080075e        0x1 ./COTS/1-MCAL/5-ADC/ADC_program.o
 .bss.ADC_pu16ChainResultArr
                0x0080075f        0x2 ./COTS/1-MCAL/5-ADC/ADC_program.o
 .bss.ADC_u8ChainConversionIndex
                0x00800761        0x1 ./COTS/1-MCAL/5-ADC/ADC_program.o
 .bss.ADC_u8ISRSource
                0x00800762        0x1 ./COTS/1-MCAL/5-ADC/ADC_program.o
 .bss.EnteredPass
                0x00800763        0x4 ./main.o
                0x00800763                EnteredPass
 .bss.CorrectFlag
                0x00800767        0x1 ./main.o
                0x00800767                CorrectFlag
 .bss.BuzzerFlag
                0x00800768        0x1 ./main.o
                0x00800768                BuzzerFlag
 .bss.TempFlag  0x00800769        0x1 ./main.o
                0x00800769                TempFlag
 .bss.Local_Counter.1604
                0x0080076a        0x1 ./main.o
 .bss.Local_Trails.1603
                0x0080076b        0x1 ./main.o
 .bss.Counter.1648
                0x0080076c        0x1 ./main.o
 .bss.Index.1663
                0x0080076d        0x1 ./main.o
 *(COMMON)
 COMMON         0x0080076e        0x8 ./main.o
                0x0080076e                LCDSem
                0x00800770                Temp
                0x00800772                TempSem
                0x00800774                DoorSem
                0x00800776                PROVIDE (__bss_end, .)
                0x00006c8c                __data_load_start = LOADADDR (.data)
                0x00006d08                __data_load_end = (__data_load_start + SIZEOF (.data))

.noinit         0x00800776        0x0
                0x00800776                PROVIDE (__noinit_start, .)
 *(.noinit*)
                0x00800776                PROVIDE (__noinit_end, .)
                0x00800776                _end = .
                0x00800776                PROVIDE (__heap_start, .)

.eeprom         0x00810000        0x0
 *(.eeprom*)
                0x00810000                __eeprom_end = .

.fuse
 *(.fuse)
 *(.lfuse)
 *(.hfuse)
 *(.efuse)

.lock
 *(.lock*)

.signature
 *(.signature*)

.stab           0x00000000     0x7e18
 *(.stab)
 .stab          0x00000000      0xb40 ./COTS/FreeRTOS_SourceFiles/croutine.o
 .stab          0x00000b40      0x354 ./COTS/FreeRTOS_SourceFiles/heap_1.o
                                0x624 (size before relaxing)
 .stab          0x00000e94      0x474 ./COTS/FreeRTOS_SourceFiles/list.o
                                0x750 (size before relaxing)
 .stab          0x00001308      0x840 ./COTS/FreeRTOS_SourceFiles/port.o
                                0xb70 (size before relaxing)
 .stab          0x00001b48      0xf24 ./COTS/FreeRTOS_SourceFiles/queue.o
                               0x1260 (size before relaxing)
 .stab          0x00002a6c     0x1578 ./COTS/FreeRTOS_SourceFiles/tasks.o
                               0x17d0 (size before relaxing)
 .stab          0x00003fe4      0x1c8 ./COTS/FreeRTOS_SourceFiles/timers.o
                                0x4c8 (size before relaxing)
 .stab          0x000041ac     0x135c ./COTS/2-HAL/6-MOTORS/MOTORS_program.o
                               0x14e8 (size before relaxing)
 .stab          0x00005508      0x2ac ./COTS/2-HAL/5-KEYPAD/KEYPAD_program.o
                                0x2b8 (size before relaxing)
 .stab          0x000057b4      0x84c ./COTS/2-HAL/4-CLCD/CLCD_progam.o
                                0x9e4 (size before relaxing)
 .stab          0x00006000      0x2a0 ./COTS/1-MCAL/6- TIMER/TIMER_program.o
                                0x2ac (size before relaxing)
 .stab          0x000062a0      0x738 ./COTS/1-MCAL/5-ADC/ADC_program.o
                                0x744 (size before relaxing)
 .stab          0x000069d8      0x1b0 ./COTS/1-MCAL/4-GIE/GIE_program.o
                                0x1bc (size before relaxing)
 .stab          0x00006b88      0x1d4 ./COTS/1-MCAL/2-PORT/PORT_program.o
                                0x1e0 (size before relaxing)
 .stab          0x00006d5c      0x5f4 ./COTS/1-MCAL/1-DIO/DIO_program.o
                                0x600 (size before relaxing)
 .stab          0x00007350      0xac8 ./main.o
                                0xe28 (size before relaxing)

.stabstr        0x00000000     0x3d68
 *(.stabstr)
 .stabstr       0x00000000     0x3d68 ./COTS/FreeRTOS_SourceFiles/croutine.o

.stab.excl
 *(.stab.excl)

.stab.exclstr
 *(.stab.exclstr)

.stab.index
 *(.stab.index)

.stab.indexstr
 *(.stab.indexstr)

.comment
 *(.comment)

.debug
 *(.debug)

.line
 *(.line)

.debug_srcinfo
 *(.debug_srcinfo)

.debug_sfnames
 *(.debug_sfnames)

.debug_aranges  0x00000000      0x140
 *(.debug_aranges)
 .debug_aranges
                0x00000000       0x20 d:/imt school tools/sdk/imt_sdk_win_64/winavr/bin/../lib/gcc/avr/4.3.3/avr5\libgcc.a(_fixunssfsi.o)
 .debug_aranges
                0x00000020       0x20 d:/imt school tools/sdk/imt_sdk_win_64/winavr/bin/../lib/gcc/avr/4.3.3/avr5\libgcc.a(_addsub_sf.o)
 .debug_aranges
                0x00000040       0x20 d:/imt school tools/sdk/imt_sdk_win_64/winavr/bin/../lib/gcc/avr/4.3.3/avr5\libgcc.a(_mul_sf.o)
 .debug_aranges
                0x00000060       0x20 d:/imt school tools/sdk/imt_sdk_win_64/winavr/bin/../lib/gcc/avr/4.3.3/avr5\libgcc.a(_gt_sf.o)
 .debug_aranges
                0x00000080       0x20 d:/imt school tools/sdk/imt_sdk_win_64/winavr/bin/../lib/gcc/avr/4.3.3/avr5\libgcc.a(_ge_sf.o)
 .debug_aranges
                0x000000a0       0x20 d:/imt school tools/sdk/imt_sdk_win_64/winavr/bin/../lib/gcc/avr/4.3.3/avr5\libgcc.a(_lt_sf.o)
 .debug_aranges
                0x000000c0       0x20 d:/imt school tools/sdk/imt_sdk_win_64/winavr/bin/../lib/gcc/avr/4.3.3/avr5\libgcc.a(_sf_to_si.o)
 .debug_aranges
                0x000000e0       0x20 d:/imt school tools/sdk/imt_sdk_win_64/winavr/bin/../lib/gcc/avr/4.3.3/avr5\libgcc.a(_pack_sf.o)
 .debug_aranges
                0x00000100       0x20 d:/imt school tools/sdk/imt_sdk_win_64/winavr/bin/../lib/gcc/avr/4.3.3/avr5\libgcc.a(_unpack_sf.o)
 .debug_aranges
                0x00000120       0x20 d:/imt school tools/sdk/imt_sdk_win_64/winavr/bin/../lib/gcc/avr/4.3.3/avr5\libgcc.a(_fpcmp_parts_sf.o)

.debug_pubnames
                0x00000000      0x170
 *(.debug_pubnames)
 .debug_pubnames
                0x00000000       0x23 d:/imt school tools/sdk/imt_sdk_win_64/winavr/bin/../lib/gcc/avr/4.3.3/avr5\libgcc.a(_fixunssfsi.o)
 .debug_pubnames
                0x00000023       0x2c d:/imt school tools/sdk/imt_sdk_win_64/winavr/bin/../lib/gcc/avr/4.3.3/avr5\libgcc.a(_addsub_sf.o)
 .debug_pubnames
                0x0000004f       0x1f d:/imt school tools/sdk/imt_sdk_win_64/winavr/bin/../lib/gcc/avr/4.3.3/avr5\libgcc.a(_mul_sf.o)
 .debug_pubnames
                0x0000006e       0x1e d:/imt school tools/sdk/imt_sdk_win_64/winavr/bin/../lib/gcc/avr/4.3.3/avr5\libgcc.a(_gt_sf.o)
 .debug_pubnames
                0x0000008c       0x1e d:/imt school tools/sdk/imt_sdk_win_64/winavr/bin/../lib/gcc/avr/4.3.3/avr5\libgcc.a(_ge_sf.o)
 .debug_pubnames
                0x000000aa       0x1e d:/imt school tools/sdk/imt_sdk_win_64/winavr/bin/../lib/gcc/avr/4.3.3/avr5\libgcc.a(_lt_sf.o)
 .debug_pubnames
                0x000000c8       0x20 d:/imt school tools/sdk/imt_sdk_win_64/winavr/bin/../lib/gcc/avr/4.3.3/avr5\libgcc.a(_sf_to_si.o)
 .debug_pubnames
                0x000000e8       0x22 d:/imt school tools/sdk/imt_sdk_win_64/winavr/bin/../lib/gcc/avr/4.3.3/avr5\libgcc.a(_thenan_sf.o)
 .debug_pubnames
                0x0000010a       0x1f d:/imt school tools/sdk/imt_sdk_win_64/winavr/bin/../lib/gcc/avr/4.3.3/avr5\libgcc.a(_pack_sf.o)
 .debug_pubnames
                0x00000129       0x21 d:/imt school tools/sdk/imt_sdk_win_64/winavr/bin/../lib/gcc/avr/4.3.3/avr5\libgcc.a(_unpack_sf.o)
 .debug_pubnames
                0x0000014a       0x26 d:/imt school tools/sdk/imt_sdk_win_64/winavr/bin/../lib/gcc/avr/4.3.3/avr5\libgcc.a(_fpcmp_parts_sf.o)

.debug_info     0x00000000     0x1c49
 *(.debug_info)
 .debug_info    0x00000000       0xb1 d:/imt school tools/sdk/imt_sdk_win_64/winavr/bin/../lib/gcc/avr/4.3.3/avr5\libgcc.a(_fixunssfsi.o)
 .debug_info    0x000000b1      0x47a d:/imt school tools/sdk/imt_sdk_win_64/winavr/bin/../lib/gcc/avr/4.3.3/avr5\libgcc.a(_addsub_sf.o)
 .debug_info    0x0000052b      0x485 d:/imt school tools/sdk/imt_sdk_win_64/winavr/bin/../lib/gcc/avr/4.3.3/avr5\libgcc.a(_mul_sf.o)
 .debug_info    0x000009b0      0x27f d:/imt school tools/sdk/imt_sdk_win_64/winavr/bin/../lib/gcc/avr/4.3.3/avr5\libgcc.a(_gt_sf.o)
 .debug_info    0x00000c2f      0x27f d:/imt school tools/sdk/imt_sdk_win_64/winavr/bin/../lib/gcc/avr/4.3.3/avr5\libgcc.a(_ge_sf.o)
 .debug_info    0x00000eae      0x27f d:/imt school tools/sdk/imt_sdk_win_64/winavr/bin/../lib/gcc/avr/4.3.3/avr5\libgcc.a(_lt_sf.o)
 .debug_info    0x0000112d      0x2b0 d:/imt school tools/sdk/imt_sdk_win_64/winavr/bin/../lib/gcc/avr/4.3.3/avr5\libgcc.a(_sf_to_si.o)
 .debug_info    0x000013dd      0x12c d:/imt school tools/sdk/imt_sdk_win_64/winavr/bin/../lib/gcc/avr/4.3.3/avr5\libgcc.a(_thenan_sf.o)
 .debug_info    0x00001509      0x2df d:/imt school tools/sdk/imt_sdk_win_64/winavr/bin/../lib/gcc/avr/4.3.3/avr5\libgcc.a(_pack_sf.o)
 .debug_info    0x000017e8      0x251 d:/imt school tools/sdk/imt_sdk_win_64/winavr/bin/../lib/gcc/avr/4.3.3/avr5\libgcc.a(_unpack_sf.o)
 .debug_info    0x00001a39      0x210 d:/imt school tools/sdk/imt_sdk_win_64/winavr/bin/../lib/gcc/avr/4.3.3/avr5\libgcc.a(_fpcmp_parts_sf.o)
 *(.gnu.linkonce.wi.*)

.debug_abbrev   0x00000000      0xeeb
 *(.debug_abbrev)
 .debug_abbrev  0x00000000       0x5d d:/imt school tools/sdk/imt_sdk_win_64/winavr/bin/../lib/gcc/avr/4.3.3/avr5\libgcc.a(_fixunssfsi.o)
 .debug_abbrev  0x0000005d      0x1ea d:/imt school tools/sdk/imt_sdk_win_64/winavr/bin/../lib/gcc/avr/4.3.3/avr5\libgcc.a(_addsub_sf.o)
 .debug_abbrev  0x00000247      0x21b d:/imt school tools/sdk/imt_sdk_win_64/winavr/bin/../lib/gcc/avr/4.3.3/avr5\libgcc.a(_mul_sf.o)
 .debug_abbrev  0x00000462      0x15a d:/imt school tools/sdk/imt_sdk_win_64/winavr/bin/../lib/gcc/avr/4.3.3/avr5\libgcc.a(_gt_sf.o)
 .debug_abbrev  0x000005bc      0x15a d:/imt school tools/sdk/imt_sdk_win_64/winavr/bin/../lib/gcc/avr/4.3.3/avr5\libgcc.a(_ge_sf.o)
 .debug_abbrev  0x00000716      0x15a d:/imt school tools/sdk/imt_sdk_win_64/winavr/bin/../lib/gcc/avr/4.3.3/avr5\libgcc.a(_lt_sf.o)
 .debug_abbrev  0x00000870      0x17f d:/imt school tools/sdk/imt_sdk_win_64/winavr/bin/../lib/gcc/avr/4.3.3/avr5\libgcc.a(_sf_to_si.o)
 .debug_abbrev  0x000009ef       0xad d:/imt school tools/sdk/imt_sdk_win_64/winavr/bin/../lib/gcc/avr/4.3.3/avr5\libgcc.a(_thenan_sf.o)
 .debug_abbrev  0x00000a9c      0x1c0 d:/imt school tools/sdk/imt_sdk_win_64/winavr/bin/../lib/gcc/avr/4.3.3/avr5\libgcc.a(_pack_sf.o)
 .debug_abbrev  0x00000c5c      0x154 d:/imt school tools/sdk/imt_sdk_win_64/winavr/bin/../lib/gcc/avr/4.3.3/avr5\libgcc.a(_unpack_sf.o)
 .debug_abbrev  0x00000db0      0x13b d:/imt school tools/sdk/imt_sdk_win_64/winavr/bin/../lib/gcc/avr/4.3.3/avr5\libgcc.a(_fpcmp_parts_sf.o)

.debug_line     0x00000000      0xdad
 *(.debug_line)
 .debug_line    0x00000000       0xa7 d:/imt school tools/sdk/imt_sdk_win_64/winavr/bin/../lib/gcc/avr/4.3.3/avr5\libgcc.a(_fixunssfsi.o)
 .debug_line    0x000000a7      0x2af d:/imt school tools/sdk/imt_sdk_win_64/winavr/bin/../lib/gcc/avr/4.3.3/avr5\libgcc.a(_addsub_sf.o)
 .debug_line    0x00000356      0x239 d:/imt school tools/sdk/imt_sdk_win_64/winavr/bin/../lib/gcc/avr/4.3.3/avr5\libgcc.a(_mul_sf.o)
 .debug_line    0x0000058f       0xd3 d:/imt school tools/sdk/imt_sdk_win_64/winavr/bin/../lib/gcc/avr/4.3.3/avr5\libgcc.a(_gt_sf.o)
 .debug_line    0x00000662       0xd3 d:/imt school tools/sdk/imt_sdk_win_64/winavr/bin/../lib/gcc/avr/4.3.3/avr5\libgcc.a(_ge_sf.o)
 .debug_line    0x00000735       0xd3 d:/imt school tools/sdk/imt_sdk_win_64/winavr/bin/../lib/gcc/avr/4.3.3/avr5\libgcc.a(_lt_sf.o)
 .debug_line    0x00000808      0x109 d:/imt school tools/sdk/imt_sdk_win_64/winavr/bin/../lib/gcc/avr/4.3.3/avr5\libgcc.a(_sf_to_si.o)
 .debug_line    0x00000911       0x90 d:/imt school tools/sdk/imt_sdk_win_64/winavr/bin/../lib/gcc/avr/4.3.3/avr5\libgcc.a(_thenan_sf.o)
 .debug_line    0x000009a1      0x18a d:/imt school tools/sdk/imt_sdk_win_64/winavr/bin/../lib/gcc/avr/4.3.3/avr5\libgcc.a(_pack_sf.o)
 .debug_line    0x00000b2b      0x14b d:/imt school tools/sdk/imt_sdk_win_64/winavr/bin/../lib/gcc/avr/4.3.3/avr5\libgcc.a(_unpack_sf.o)
 .debug_line    0x00000c76      0x137 d:/imt school tools/sdk/imt_sdk_win_64/winavr/bin/../lib/gcc/avr/4.3.3/avr5\libgcc.a(_fpcmp_parts_sf.o)

.debug_frame    0x00000000      0x160
 *(.debug_frame)
 .debug_frame   0x00000000       0x20 d:/imt school tools/sdk/imt_sdk_win_64/winavr/bin/../lib/gcc/avr/4.3.3/avr5\libgcc.a(_fixunssfsi.o)
 .debug_frame   0x00000020       0x40 d:/imt school tools/sdk/imt_sdk_win_64/winavr/bin/../lib/gcc/avr/4.3.3/avr5\libgcc.a(_addsub_sf.o)
 .debug_frame   0x00000060       0x20 d:/imt school tools/sdk/imt_sdk_win_64/winavr/bin/../lib/gcc/avr/4.3.3/avr5\libgcc.a(_mul_sf.o)
 .debug_frame   0x00000080       0x20 d:/imt school tools/sdk/imt_sdk_win_64/winavr/bin/../lib/gcc/avr/4.3.3/avr5\libgcc.a(_gt_sf.o)
 .debug_frame   0x000000a0       0x20 d:/imt school tools/sdk/imt_sdk_win_64/winavr/bin/../lib/gcc/avr/4.3.3/avr5\libgcc.a(_ge_sf.o)
 .debug_frame   0x000000c0       0x20 d:/imt school tools/sdk/imt_sdk_win_64/winavr/bin/../lib/gcc/avr/4.3.3/avr5\libgcc.a(_lt_sf.o)
 .debug_frame   0x000000e0       0x20 d:/imt school tools/sdk/imt_sdk_win_64/winavr/bin/../lib/gcc/avr/4.3.3/avr5\libgcc.a(_sf_to_si.o)
 .debug_frame   0x00000100       0x20 d:/imt school tools/sdk/imt_sdk_win_64/winavr/bin/../lib/gcc/avr/4.3.3/avr5\libgcc.a(_pack_sf.o)
 .debug_frame   0x00000120       0x20 d:/imt school tools/sdk/imt_sdk_win_64/winavr/bin/../lib/gcc/avr/4.3.3/avr5\libgcc.a(_unpack_sf.o)
 .debug_frame   0x00000140       0x20 d:/imt school tools/sdk/imt_sdk_win_64/winavr/bin/../lib/gcc/avr/4.3.3/avr5\libgcc.a(_fpcmp_parts_sf.o)

.debug_str      0x00000000      0x28d
 *(.debug_str)
 .debug_str     0x00000000       0xbf d:/imt school tools/sdk/imt_sdk_win_64/winavr/bin/../lib/gcc/avr/4.3.3/avr5\libgcc.a(_fixunssfsi.o)
                                 0xfe (size before relaxing)
 .debug_str     0x000000bf      0x14d d:/imt school tools/sdk/imt_sdk_win_64/winavr/bin/../lib/gcc/avr/4.3.3/avr5\libgcc.a(_addsub_sf.o)
                                0x206 (size before relaxing)
 .debug_str     0x0000020c       0x27 d:/imt school tools/sdk/imt_sdk_win_64/winavr/bin/../lib/gcc/avr/4.3.3/avr5\libgcc.a(_mul_sf.o)
                                0x1bf (size before relaxing)
 .debug_str     0x00000233        0xf d:/imt school tools/sdk/imt_sdk_win_64/winavr/bin/../lib/gcc/avr/4.3.3/avr5\libgcc.a(_gt_sf.o)
                                0x195 (size before relaxing)
 .debug_str     0x00000242        0x8 d:/imt school tools/sdk/imt_sdk_win_64/winavr/bin/../lib/gcc/avr/4.3.3/avr5\libgcc.a(_ge_sf.o)
                                0x195 (size before relaxing)
 .debug_str     0x0000024a        0x8 d:/imt school tools/sdk/imt_sdk_win_64/winavr/bin/../lib/gcc/avr/4.3.3/avr5\libgcc.a(_lt_sf.o)
                                0x195 (size before relaxing)
 .debug_str     0x00000252        0xa d:/imt school tools/sdk/imt_sdk_win_64/winavr/bin/../lib/gcc/avr/4.3.3/avr5\libgcc.a(_sf_to_si.o)
                                0x19e (size before relaxing)
 .debug_str     0x00000000      0x103 d:/imt school tools/sdk/imt_sdk_win_64/winavr/bin/../lib/gcc/avr/4.3.3/avr5\libgcc.a(_thenan_sf.o)
 .debug_str     0x0000025c       0x16 d:/imt school tools/sdk/imt_sdk_win_64/winavr/bin/../lib/gcc/avr/4.3.3/avr5\libgcc.a(_pack_sf.o)
                                0x19d (size before relaxing)
 .debug_str     0x00000272        0xb d:/imt school tools/sdk/imt_sdk_win_64/winavr/bin/../lib/gcc/avr/4.3.3/avr5\libgcc.a(_unpack_sf.o)
                                0x17f (size before relaxing)
 .debug_str     0x0000027d       0x10 d:/imt school tools/sdk/imt_sdk_win_64/winavr/bin/../lib/gcc/avr/4.3.3/avr5\libgcc.a(_fpcmp_parts_sf.o)
                                0x163 (size before relaxing)

.debug_loc      0x00000000      0x7ce
 *(.debug_loc)
 .debug_loc     0x00000000       0x34 d:/imt school tools/sdk/imt_sdk_win_64/winavr/bin/../lib/gcc/avr/4.3.3/avr5\libgcc.a(_fixunssfsi.o)
 .debug_loc     0x00000034      0x32a d:/imt school tools/sdk/imt_sdk_win_64/winavr/bin/../lib/gcc/avr/4.3.3/avr5\libgcc.a(_addsub_sf.o)
 .debug_loc     0x0000035e      0x104 d:/imt school tools/sdk/imt_sdk_win_64/winavr/bin/../lib/gcc/avr/4.3.3/avr5\libgcc.a(_mul_sf.o)
 .debug_loc     0x00000462       0x3c d:/imt school tools/sdk/imt_sdk_win_64/winavr/bin/../lib/gcc/avr/4.3.3/avr5\libgcc.a(_gt_sf.o)
 .debug_loc     0x0000049e       0x3c d:/imt school tools/sdk/imt_sdk_win_64/winavr/bin/../lib/gcc/avr/4.3.3/avr5\libgcc.a(_ge_sf.o)
 .debug_loc     0x000004da       0x3c d:/imt school tools/sdk/imt_sdk_win_64/winavr/bin/../lib/gcc/avr/4.3.3/avr5\libgcc.a(_lt_sf.o)
 .debug_loc     0x00000516       0x7e d:/imt school tools/sdk/imt_sdk_win_64/winavr/bin/../lib/gcc/avr/4.3.3/avr5\libgcc.a(_sf_to_si.o)
 .debug_loc     0x00000594      0x13e d:/imt school tools/sdk/imt_sdk_win_64/winavr/bin/../lib/gcc/avr/4.3.3/avr5\libgcc.a(_pack_sf.o)
 .debug_loc     0x000006d2       0xac d:/imt school tools/sdk/imt_sdk_win_64/winavr/bin/../lib/gcc/avr/4.3.3/avr5\libgcc.a(_unpack_sf.o)
 .debug_loc     0x0000077e       0x50 d:/imt school tools/sdk/imt_sdk_win_64/winavr/bin/../lib/gcc/avr/4.3.3/avr5\libgcc.a(_fpcmp_parts_sf.o)

.debug_macinfo
 *(.debug_macinfo)
OUTPUT(SmartHomeV2.elf elf32-avr)
LOAD linker stubs

.debug_ranges   0x00000000       0x50
 .debug_ranges  0x00000000       0x50 d:/imt school tools/sdk/imt_sdk_win_64/winavr/bin/../lib/gcc/avr/4.3.3/avr5\libgcc.a(_mul_sf.o)
